12 
null
12 
12 
null
12 
12 
12 
12 
12 
12 
12 
12 
12 
12 
